ssd1306.c:122:6:SSD1306_ToggleInvert	0	static
ssd1306.c:134:6:SSD1306_Fill	0	static
ssd1306.c:139:6:SSD1306_DrawPixel	8	static
ssd1306.c:161:6:SSD1306_GotoXY	0	static
ssd1306.c:167:6:SSD1306_Putc	56	static
ssd1306.c:198:6:SSD1306_Puts	16	static
ssd1306.c:216:6:SSD1306_DrawLine	56	static
ssd1306.c:300:6:SSD1306_DrawRectangle	32	static
ssd1306.c:325:6:SSD1306_DrawFilledRectangle	40	static
ssd1306.c:352:6:SSD1306_DrawTriangle	40	static
ssd1306.c:360:6:SSD1306_DrawFilledTriangle	80	static
ssd1306.c:416:6:SSD1306_DrawCircle	72	static
ssd1306.c:450:6:SSD1306_DrawFilledCircle	72	static
ssd1306.c:502:6:ssd1306_I2C_Init	0	static
ssd1306.c:514:6:ssd1306_I2C_WriteMulti	24	dynamic
ssd1306.c:524:6:ssd1306_I2C_Write	24	static
ssd1306.c:110:6:SSD1306_UpdateScreen	16	static
ssd1306.c:47:9:SSD1306_Init	8	static
ssd1306.c:481:6:SSD1306_ON	8	static
ssd1306.c:486:6:SSD1306_OFF	8	static
